Traceback (most recent call last):
  File "/root/autodl-tmp/MILE/train.py", line 82, in <module>
    raise FileNotFoundError(
FileNotFoundError: Configuration file or directory not found: experiments/relicate_uci/debug.yaml
2025-03-08 09:10:28,888 - __main__ - INFO - Loaded 1 Experiment(s)
Disabling stream logging in outer parallel mode, logs will only appear in log files.
2025-03-08 09:10:29,709 - datasets - INFO - PyTorch version 2.2.2+cpu available.
2025-03-08 09:10:29,709 - datasets - INFO - JAX version 0.4.28 available.
2025-03-08 09:10:30,110 - __main__ - INFO - > Running experiment: debug_1_device
2025-03-08 09:10:30,122 - jax._src.xla_bridge - INFO - Unable to initialize backend 'cuda': 
2025-03-08 09:10:30,122 - jax._src.xla_bridge - INFO - Unable to initialize backend 'rocm': module 'jaxlib.xla_extension' has no attribute 'GpuAllocatorConfig'
2025-03-08 09:10:30,123 - jax._src.xla_bridge - INFO - Unable to initialize backend 'tpu': INTERNAL: Failed to open libtpu.so: libtpu.so: cannot open shared object file: No such file or directory
2025-03-08 09:10:30,194 - src.training.trainer - INFO - > Setting up directories...
mclmc Sampling:   0%|          | 0/10000 [00:00<?, ?it/s]mclmc Sampling:   0%|          | 1/10000 [00:00<2:38:43,  1.05it/s]mclmc Sampling:   3%|▎         | 302/10000 [00:01<00:24, 393.44it/s]mclmc Sampling:   7%|▋         | 681/10000 [00:01<00:10, 926.50it/s]mclmc Sampling:  11%|█         | 1064/10000 [00:01<00:06, 1458.20it/s]mclmc Sampling:  14%|█▍        | 1449/10000 [00:01<00:04, 1953.58it/s]mclmc Sampling:  18%|█▊        | 1826/10000 [00:01<00:03, 2368.21it/s]mclmc Sampling:  22%|██▏       | 2205/10000 [00:01<00:02, 2716.95it/s]mclmc Sampling:  26%|██▌       | 2587/10000 [00:01<00:02, 3003.63it/s]mclmc Sampling:  30%|██▉       | 2965/10000 [00:01<00:02, 3213.75it/s]mclmc Sampling:  34%|███▎      | 3351/10000 [00:01<00:01, 3385.64it/s]mclmc Sampling:  37%|███▋      | 3731/10000 [00:01<00:01, 3502.32it/s]mclmc Sampling:  41%|████      | 4107/10000 [00:02<00:01, 3574.31it/s]mclmc Sampling:  45%|████▍     | 4483/10000 [00:02<00:01, 3578.31it/s]mclmc Sampling:  49%|████▊     | 4858/10000 [00:02<00:01, 3627.87it/s]mclmc Sampling:  52%|█████▏    | 5241/10000 [00:02<00:01, 3682.08it/s]mclmc Sampling:  56%|█████▌    | 5616/10000 [00:02<00:01, 3645.16it/s]mclmc Sampling:  60%|█████▉    | 5992/10000 [00:02<00:01, 3675.28it/s]mclmc Sampling:  64%|██████▎   | 6363/10000 [00:02<00:01, 3629.04it/s]mclmc Sampling:  67%|██████▋   | 6731/10000 [00:02<00:00, 3641.00it/s]mclmc Sampling:  71%|███████   | 7116/10000 [00:02<00:00, 3701.02it/s]mclmc Sampling:  75%|███████▍  | 7488/10000 [00:02<00:00, 3632.47it/s]mclmc Sampling:  79%|███████▊  | 7853/10000 [00:03<00:00, 3586.29it/s]mclmc Sampling:  82%|████████▏ | 8213/10000 [00:03<00:00, 3588.59it/s]mclmc Sampling:  86%|████████▌ | 8579/10000 [00:03<00:00, 3608.72it/s]mclmc Sampling:  89%|████████▉ | 8942/10000 [00:03<00:00, 3614.09it/s]mclmc Sampling:  93%|█████████▎| 9318/10000 [00:03<00:00, 3657.16it/s]mclmc Sampling:  97%|█████████▋| 9685/10000 [00:03<00:00, 3659.36it/s]mclmc Sampling: 100%|██████████| 10000/10000 [00:03<00:00, 2726.60it/s]
mclmc Sampling:   0%|          | 0/10000 [00:00<?, ?it/s]mclmc Sampling:   0%|          | 1/10000 [00:00<2:07:39,  1.31it/s]mclmc Sampling:   3%|▎         | 316/10000 [00:00<00:19, 496.13it/s]mclmc Sampling:   7%|▋         | 675/10000 [00:00<00:08, 1063.03it/s]mclmc Sampling:  11%|█         | 1051/10000 [00:01<00:05, 1621.08it/s]mclmc Sampling:  14%|█▍        | 1431/10000 [00:01<00:04, 2117.30it/s]mclmc Sampling:  18%|█▊        | 1814/10000 [00:01<00:03, 2537.63it/s]mclmc Sampling:  22%|██▏       | 2197/10000 [00:01<00:02, 2873.17it/s]mclmc Sampling:  26%|██▌       | 2571/10000 [00:01<00:02, 3104.85it/s]mclmc Sampling:  29%|██▉       | 2949/10000 [00:01<00:02, 3292.46it/s]mclmc Sampling:  33%|███▎      | 3330/10000 [00:01<00:01, 3439.77it/s]mclmc Sampling:  37%|███▋      | 3707/10000 [00:01<00:01, 3534.00it/s]mclmc Sampling:  41%|████      | 4082/10000 [00:01<00:01, 3597.05it/s]mclmc Sampling:  45%|████▍     | 4457/10000 [00:01<00:01, 3598.78it/s]mclmc Sampling:  48%|████▊     | 4829/10000 [00:02<00:01, 3633.62it/s]mclmc Sampling:  52%|█████▏    | 5200/10000 [00:02<00:01, 3627.32it/s]mclmc Sampling:  56%|█████▌    | 5568/10000 [00:02<00:01, 3616.10it/s]mclmc Sampling:  59%|█████▉    | 5941/10000 [00:02<00:01, 3649.46it/s]mclmc Sampling:  63%|██████▎   | 6309/10000 [00:02<00:01, 3621.84it/s]mclmc Sampling:  67%|██████▋   | 6673/10000 [00:02<00:00, 3583.08it/s]mclmc Sampling:  70%|███████   | 7040/10000 [00:02<00:00, 3607.17it/s]mclmc Sampling:  74%|███████▍  | 7402/10000 [00:02<00:00, 3579.22it/s]mclmc Sampling:  78%|███████▊  | 7763/10000 [00:02<00:00, 3588.25it/s]mclmc Sampling:  81%|████████  | 8123/10000 [00:02<00:00, 3481.99it/s]mclmc Sampling:  85%|████████▍ | 8481/10000 [00:03<00:00, 3507.01it/s]mclmc Sampling:  88%|████████▊ | 8850/10000 [00:03<00:00, 3560.59it/s]mclmc Sampling:  92%|█████████▏| 9231/10000 [00:03<00:00, 3628.66it/s]mclmc Sampling:  96%|█████████▌| 9596/10000 [00:03<00:00, 3634.14it/s]mclmc Sampling: 100%|█████████▉| 9960/10000 [00:03<00:00, 3605.55it/s]mclmc Sampling: 100%|██████████| 10000/10000 [00:03<00:00, 2846.67it/s]
mclmc Sampling:   0%|          | 0/10000 [00:00<?, ?it/s]mclmc Sampling:   0%|          | 1/10000 [00:00<2:33:43,  1.08it/s]mclmc Sampling:   3%|▎         | 302/10000 [00:01<00:23, 404.41it/s]mclmc Sampling:   7%|▋         | 689/10000 [00:01<00:09, 961.13it/s]mclmc Sampling:  11%|█         | 1073/10000 [00:01<00:05, 1498.54it/s]mclmc Sampling:  15%|█▍        | 1461/10000 [00:01<00:04, 1997.03it/s]mclmc Sampling:  18%|█▊        | 1850/10000 [00:01<00:03, 2433.90it/s]mclmc Sampling:  22%|██▏       | 2234/10000 [00:01<00:02, 2782.18it/s]mclmc Sampling:  26%|██▌       | 2618/10000 [00:01<00:02, 3058.28it/s]mclmc Sampling:  30%|███       | 3001/10000 [00:01<00:02, 3262.30it/s]mclmc Sampling:  34%|███▍      | 3390/10000 [00:01<00:01, 3436.81it/s]mclmc Sampling:  38%|███▊      | 3769/10000 [00:01<00:01, 3525.23it/s]mclmc Sampling:  41%|████▏     | 4147/10000 [00:02<00:01, 3592.82it/s]mclmc Sampling:  45%|████▌     | 4524/10000 [00:02<00:01, 3622.47it/s]mclmc Sampling:  49%|████▉     | 4904/10000 [00:02<00:01, 3673.36it/s]mclmc Sampling:  53%|█████▎    | 5291/10000 [00:02<00:01, 3722.87it/s]mclmc Sampling:  57%|█████▋    | 5670/10000 [00:02<00:01, 3717.16it/s]mclmc Sampling:  60%|██████    | 6047/10000 [00:02<00:01, 3731.70it/s]mclmc Sampling:  64%|██████▍   | 6424/10000 [00:02<00:00, 3737.73it/s]mclmc Sampling:  68%|██████▊   | 6800/10000 [00:02<00:00, 3723.29it/s]mclmc Sampling:  72%|███████▏  | 7182/10000 [00:02<00:00, 3751.05it/s]mclmc Sampling:  76%|███████▌  | 7559/10000 [00:02<00:00, 3645.46it/s]mclmc Sampling:  79%|███████▉  | 7925/10000 [00:03<00:00, 3573.21it/s]mclmc Sampling:  83%|████████▎ | 8291/10000 [00:03<00:00, 3595.91it/s]mclmc Sampling:  87%|████████▋ | 8681/10000 [00:03<00:00, 3679.01it/s]mclmc Sampling:  91%|█████████ | 9051/10000 [00:03<00:00, 3684.40it/s]mclmc Sampling:  94%|█████████▍| 9420/10000 [00:03<00:00, 3674.88it/s]mclmc Sampling:  98%|█████████▊| 9788/10000 [00:03<00:00, 3669.29it/s]mclmc Sampling: 100%|██████████| 10000/10000 [00:03<00:00, 2767.82it/s]
mclmc Sampling:   0%|          | 0/10000 [00:00<?, ?it/s]mclmc Sampling:   0%|          | 1/10000 [00:00<2:30:03,  1.11it/s]mclmc Sampling:   3%|▎         | 292/10000 [00:01<00:24, 399.27it/s]mclmc Sampling:   7%|▋         | 674/10000 [00:01<00:09, 958.53it/s]mclmc Sampling:  11%|█         | 1061/10000 [00:01<00:05, 1509.27it/s]mclmc Sampling:  15%|█▍        | 1451/10000 [00:01<00:04, 2014.84it/s]mclmc Sampling:  18%|█▊        | 1839/10000 [00:01<00:03, 2449.07it/s]mclmc Sampling:  22%|██▏       | 2225/10000 [00:01<00:02, 2800.52it/s]mclmc Sampling:  26%|██▌       | 2611/10000 [00:01<00:02, 3078.46it/s]mclmc Sampling:  30%|██▉       | 2993/10000 [00:01<00:02, 3279.74it/s]mclmc Sampling:  34%|███▎      | 3373/10000 [00:01<00:01, 3425.37it/s]mclmc Sampling:  38%|███▊      | 3757/10000 [00:01<00:01, 3543.94it/s]mclmc Sampling:  41%|████▏     | 4142/10000 [00:02<00:01, 3630.71it/s]mclmc Sampling:  45%|████▌     | 4531/10000 [00:02<00:01, 3700.14it/s]mclmc Sampling:  49%|████▉     | 4914/10000 [00:02<00:01, 3727.97it/s]mclmc Sampling:  53%|█████▎    | 5296/10000 [00:02<00:01, 3712.05it/s]mclmc Sampling:  57%|█████▋    | 5674/10000 [00:02<00:01, 3717.80it/s]mclmc Sampling:  61%|██████    | 6061/10000 [00:02<00:01, 3757.76it/s]mclmc Sampling:  65%|██████▍   | 6451/10000 [00:02<00:00, 3790.95it/s]mclmc Sampling:  68%|██████▊   | 6837/10000 [00:02<00:00, 3810.09it/s]mclmc Sampling:  72%|███████▏  | 7221/10000 [00:02<00:00, 3809.31it/s]mclmc Sampling:  76%|███████▌  | 7603/10000 [00:02<00:00, 3807.30it/s]mclmc Sampling:  80%|███████▉  | 7985/10000 [00:03<00:00, 3795.92it/s]mclmc Sampling:  84%|████████▎ | 8366/10000 [00:03<00:00, 3766.81it/s]mclmc Sampling:  88%|████████▊ | 8752/10000 [00:03<00:00, 3793.03it/s]mclmc Sampling:  91%|█████████▏| 9132/10000 [00:03<00:00, 3765.80it/s]mclmc Sampling:  95%|█████████▌| 9509/10000 [00:03<00:00, 3752.43it/s]mclmc Sampling:  99%|█████████▉| 9892/10000 [00:03<00:00, 3774.30it/s]mclmc Sampling: 100%|██████████| 10000/10000 [00:03<00:00, 2818.96it/s]
mclmc Sampling:   0%|          | 0/10000 [00:00<?, ?it/s]mclmc Sampling:   0%|          | 1/10000 [00:00<2:09:28,  1.29it/s]mclmc Sampling:   3%|▎         | 327/10000 [00:00<00:19, 507.30it/s]mclmc Sampling:   7%|▋         | 702/10000 [00:00<00:08, 1095.44it/s]mclmc Sampling:  11%|█         | 1084/10000 [00:01<00:05, 1655.88it/s]mclmc Sampling:  15%|█▍        | 1465/10000 [00:01<00:03, 2145.16it/s]mclmc Sampling:  18%|█▊        | 1847/10000 [00:01<00:03, 2554.74it/s]mclmc Sampling:  22%|██▏       | 2229/10000 [00:01<00:02, 2882.18it/s]mclmc Sampling:  26%|██▌       | 2601/10000 [00:01<00:02, 3106.81it/s]mclmc Sampling:  30%|██▉       | 2971/10000 [00:01<00:02, 3269.67it/s]mclmc Sampling:  34%|███▎      | 3350/10000 [00:01<00:01, 3417.12it/s]mclmc Sampling:  37%|███▋      | 3730/10000 [00:01<00:01, 3526.14it/s]mclmc Sampling:  41%|████      | 4105/10000 [00:01<00:01, 3590.04it/s]mclmc Sampling:  45%|████▍     | 4481/10000 [00:01<00:01, 3635.23it/s]mclmc Sampling:  49%|████▊     | 4861/10000 [00:02<00:01, 3683.86it/s]mclmc Sampling:  52%|█████▏    | 5242/10000 [00:02<00:01, 3719.35it/s]mclmc Sampling:  56%|█████▌    | 5620/10000 [00:02<00:01, 3657.20it/s]mclmc Sampling:  60%|█████▉    | 5993/10000 [00:02<00:01, 3677.08it/s]mclmc Sampling:  64%|██████▎   | 6364/10000 [00:02<00:00, 3662.65it/s]mclmc Sampling:  67%|██████▋   | 6733/10000 [00:02<00:00, 3663.51it/s]mclmc Sampling:  71%|███████   | 7113/10000 [00:02<00:00, 3703.20it/s]mclmc Sampling:  75%|███████▍  | 7494/10000 [00:02<00:00, 3734.28it/s]mclmc Sampling:  79%|███████▊  | 7870/10000 [00:02<00:00, 3741.92it/s]mclmc Sampling:  82%|████████▏ | 8245/10000 [00:02<00:00, 3718.37it/s]mclmc Sampling:  86%|████████▌ | 8622/10000 [00:03<00:00, 3731.77it/s]mclmc Sampling:  90%|█████████ | 9005/10000 [00:03<00:00, 3759.85it/s]mclmc Sampling:  94%|█████████▍| 9386/10000 [00:03<00:00, 3774.54it/s]mclmc Sampling:  98%|█████████▊| 9764/10000 [00:03<00:00, 3771.20it/s]mclmc Sampling: 100%|██████████| 10000/10000 [00:03<00:00, 2894.51it/s]
mclmc Sampling:   0%|          | 0/10000 [00:00<?, ?it/s]mclmc Sampling:   0%|          | 1/10000 [00:00<2:05:48,  1.32it/s]mclmc Sampling:   3%|▎         | 344/10000 [00:00<00:17, 546.81it/s]mclmc Sampling:   7%|▋         | 730/10000 [00:00<00:07, 1160.06it/s]mclmc Sampling:  11%|█         | 1111/10000 [00:01<00:05, 1712.69it/s]mclmc Sampling:  15%|█▍        | 1491/10000 [00:01<00:03, 2190.97it/s]mclmc Sampling:  19%|█▉        | 1881/10000 [00:01<00:03, 2609.52it/s]mclmc Sampling:  23%|██▎       | 2271/10000 [00:01<00:02, 2939.21it/s]mclmc Sampling:  26%|██▋       | 2646/10000 [00:01<00:02, 3158.58it/s]mclmc Sampling:  30%|███       | 3030/10000 [00:01<00:02, 3347.43it/s]mclmc Sampling:  34%|███▍      | 3417/10000 [00:01<00:01, 3495.75it/s]mclmc Sampling:  38%|███▊      | 3801/10000 [00:01<00:01, 3594.77it/s]mclmc Sampling:  42%|████▏     | 4181/10000 [00:01<00:01, 3613.18it/s]mclmc Sampling:  46%|████▌     | 4557/10000 [00:01<00:01, 3642.08it/s]mclmc Sampling:  49%|████▉     | 4932/10000 [00:02<00:01, 3663.17it/s]mclmc Sampling:  53%|█████▎    | 5321/10000 [00:02<00:01, 3721.63it/s]mclmc Sampling:  57%|█████▋    | 5708/10000 [00:02<00:01, 3763.69it/s]mclmc Sampling:  61%|██████    | 6091/10000 [00:02<00:01, 3777.61it/s]mclmc Sampling:  65%|██████▍   | 6472/10000 [00:02<00:00, 3778.38it/s]mclmc Sampling:  69%|██████▊   | 6857/10000 [00:02<00:00, 3798.13it/s]mclmc Sampling:  72%|███████▏  | 7242/10000 [00:02<00:00, 3811.54it/s]mclmc Sampling:  76%|███████▋  | 7631/10000 [00:02<00:00, 3832.17it/s]mclmc Sampling:  80%|████████  | 8019/10000 [00:02<00:00, 3845.25it/s]mclmc Sampling:  84%|████████▍ | 8404/10000 [00:02<00:00, 3825.84it/s]mclmc Sampling:  88%|████████▊ | 8791/10000 [00:03<00:00, 3837.92it/s]mclmc Sampling:  92%|█████████▏| 9180/10000 [00:03<00:00, 3852.31it/s]mclmc Sampling:  96%|█████████▌| 9566/10000 [00:03<00:00, 3844.63it/s]mclmc Sampling: 100%|█████████▉| 9951/10000 [00:03<00:00, 3841.67it/s]mclmc Sampling: 100%|██████████| 10000/10000 [00:03<00:00, 2956.77it/s]
mclmc Sampling:   0%|          | 0/10000 [00:00<?, ?it/s]mclmc Sampling:   0%|          | 1/10000 [00:00<2:31:11,  1.10it/s]mclmc Sampling:   3%|▎         | 327/10000 [00:01<00:21, 444.43it/s]mclmc Sampling:   7%|▋         | 712/10000 [00:01<00:09, 998.14it/s]mclmc Sampling:  11%|█         | 1091/10000 [00:01<00:05, 1524.23it/s]mclmc Sampling:  15%|█▍        | 1471/10000 [00:01<00:04, 2007.03it/s]mclmc Sampling:  19%|█▊        | 1857/10000 [00:01<00:03, 2437.36it/s]mclmc Sampling:  22%|██▏       | 2233/10000 [00:01<00:02, 2766.29it/s]mclmc Sampling:  26%|██▌       | 2620/10000 [00:01<00:02, 3055.89it/s]mclmc Sampling:  30%|██▉       | 2991/10000 [00:01<00:02, 3226.56it/s]mclmc Sampling:  34%|███▍      | 3379/10000 [00:01<00:01, 3409.48it/s]mclmc Sampling:  38%|███▊      | 3761/10000 [00:01<00:01, 3520.57it/s]mclmc Sampling:  41%|████▏     | 4148/10000 [00:02<00:01, 3621.12it/s]mclmc Sampling:  45%|████▌     | 4528/10000 [00:02<00:01, 3631.80it/s]mclmc Sampling:  49%|████▉     | 4904/10000 [00:02<00:01, 3639.44it/s]mclmc Sampling:  53%|█████▎    | 5281/10000 [00:02<00:01, 3674.35it/s]mclmc Sampling:  57%|█████▋    | 5658/10000 [00:02<00:01, 3702.14it/s]mclmc Sampling:  60%|██████    | 6041/10000 [00:02<00:01, 3739.73it/s]mclmc Sampling:  64%|██████▍   | 6419/10000 [00:02<00:00, 3741.33it/s]mclmc Sampling:  68%|██████▊   | 6802/10000 [00:02<00:00, 3766.93it/s]mclmc Sampling:  72%|███████▏  | 7191/10000 [00:02<00:00, 3796.28it/s]mclmc Sampling:  76%|███████▌  | 7578/10000 [00:02<00:00, 3817.67it/s]mclmc Sampling:  80%|███████▉  | 7961/10000 [00:03<00:00, 3813.47it/s]mclmc Sampling:  83%|████████▎ | 8347/10000 [00:03<00:00, 3826.94it/s]mclmc Sampling:  87%|████████▋ | 8731/10000 [00:03<00:00, 3830.30it/s]mclmc Sampling:  91%|█████████ | 9118/10000 [00:03<00:00, 3840.94it/s]mclmc Sampling:  95%|█████████▌| 9503/10000 [00:03<00:00, 3839.59it/s]mclmc Sampling:  99%|█████████▉| 9891/10000 [00:03<00:00, 3847.27it/s]mclmc Sampling: 100%|██████████| 10000/10000 [00:03<00:00, 2818.77it/s]
mclmc Sampling:   0%|          | 0/10000 [00:00<?, ?it/s]mclmc Sampling:   0%|          | 1/10000 [00:00<2:08:12,  1.30it/s]mclmc Sampling:   3%|▎         | 299/10000 [00:00<00:20, 467.73it/s]mclmc Sampling:   7%|▋         | 672/10000 [00:00<00:08, 1063.94it/s]mclmc Sampling:  11%|█         | 1057/10000 [00:01<00:05, 1640.44it/s]mclmc Sampling:  14%|█▍        | 1441/10000 [00:01<00:04, 2138.68it/s]mclmc Sampling:  18%|█▊        | 1826/10000 [00:01<00:03, 2557.89it/s]mclmc Sampling:  22%|██▏       | 2203/10000 [00:01<00:02, 2872.12it/s]mclmc Sampling:  26%|██▌       | 2586/10000 [00:01<00:02, 3130.26it/s]mclmc Sampling:  30%|██▉       | 2958/10000 [00:01<00:02, 3294.41it/s]mclmc Sampling:  33%|███▎      | 3341/10000 [00:01<00:01, 3443.81it/s]mclmc Sampling:  37%|███▋      | 3722/10000 [00:01<00:01, 3548.08it/s]mclmc Sampling:  41%|████      | 4106/10000 [00:01<00:01, 3632.78it/s]mclmc Sampling:  45%|████▍     | 4484/10000 [00:01<00:01, 3607.38it/s]mclmc Sampling:  49%|████▊     | 4855/10000 [00:02<00:01, 3593.35it/s]mclmc Sampling:  52%|█████▏    | 5237/10000 [00:02<00:01, 3658.54it/s]mclmc Sampling:  56%|█████▌    | 5613/10000 [00:02<00:01, 3687.77it/s]mclmc Sampling:  60%|█████▉    | 5994/10000 [00:02<00:01, 3722.56it/s]mclmc Sampling:  64%|██████▍   | 6380/10000 [00:02<00:00, 3761.78it/s]mclmc Sampling:  68%|██████▊   | 6761/10000 [00:02<00:00, 3772.16it/s]mclmc Sampling:  71%|███████▏  | 7145/10000 [00:02<00:00, 3791.91it/s]mclmc Sampling:  75%|███████▌  | 7529/10000 [00:02<00:00, 3804.74it/s]mclmc Sampling:  79%|███████▉  | 7911/10000 [00:02<00:00, 3783.67it/s]mclmc Sampling:  83%|████████▎ | 8290/10000 [00:02<00:00, 3783.44it/s]mclmc Sampling:  87%|████████▋ | 8672/10000 [00:03<00:00, 3790.90it/s]mclmc Sampling:  91%|█████████ | 9057/10000 [00:03<00:00, 3808.27it/s]mclmc Sampling:  94%|█████████▍| 9439/10000 [00:03<00:00, 3795.30it/s]mclmc Sampling:  98%|█████████▊| 9822/10000 [00:03<00:00, 3801.93it/s]mclmc Sampling: 100%|██████████| 10000/10000 [00:03<00:00, 2912.56it/s]
mclmc Sampling:   0%|          | 0/10000 [00:00<?, ?it/s]mclmc Sampling:   0%|          | 1/10000 [00:01<3:20:20,  1.20s/it]mclmc Sampling:   3%|▎         | 324/10000 [00:01<00:28, 343.80it/s]mclmc Sampling:   7%|▋         | 707/10000 [00:01<00:11, 802.95it/s]mclmc Sampling:  11%|█         | 1094/10000 [00:01<00:06, 1288.35it/s]mclmc Sampling:  15%|█▍        | 1481/10000 [00:01<00:04, 1764.53it/s]mclmc Sampling:  19%|█▊        | 1871/10000 [00:01<00:03, 2206.88it/s]mclmc Sampling:  22%|██▏       | 2238/10000 [00:01<00:03, 2542.17it/s]mclmc Sampling:  26%|██▌       | 2603/10000 [00:01<00:02, 2815.23it/s]mclmc Sampling:  30%|██▉       | 2981/10000 [00:02<00:02, 3065.35it/s]mclmc Sampling:  34%|███▎      | 3353/10000 [00:02<00:02, 3241.26it/s]mclmc Sampling:  37%|███▋      | 3739/10000 [00:02<00:01, 3413.29it/s]mclmc Sampling:  41%|████      | 4121/10000 [00:02<00:01, 3523.76it/s]mclmc Sampling:  45%|████▌     | 4510/10000 [00:02<00:01, 3629.12it/s]mclmc Sampling:  49%|████▉     | 4894/10000 [00:02<00:01, 3689.37it/s]mclmc Sampling:  53%|█████▎    | 5281/10000 [00:02<00:01, 3738.24it/s]mclmc Sampling:  57%|█████▋    | 5664/10000 [00:02<00:01, 3748.56it/s]mclmc Sampling:  60%|██████    | 6050/10000 [00:02<00:01, 3779.96it/s]mclmc Sampling:  64%|██████▍   | 6433/10000 [00:02<00:00, 3785.44it/s]mclmc Sampling:  68%|██████▊   | 6821/10000 [00:03<00:00, 3807.17it/s]mclmc Sampling:  72%|███████▏  | 7211/10000 [00:03<00:00, 3828.35it/s]mclmc Sampling:  76%|███████▌  | 7600/10000 [00:03<00:00, 3845.27it/s]mclmc Sampling:  80%|███████▉  | 7986/10000 [00:03<00:00, 3840.26it/s]mclmc Sampling:  84%|████████▎ | 8371/10000 [00:03<00:00, 3818.09it/s]mclmc Sampling:  88%|████████▊ | 8761/10000 [00:03<00:00, 3833.52it/s]mclmc Sampling:  92%|█████████▏| 9150/10000 [00:03<00:00, 3849.80it/s]mclmc Sampling:  95%|█████████▌| 9536/10000 [00:03<00:00, 3841.46it/s]mclmc Sampling:  99%|█████████▉| 9921/10000 [00:03<00:00, 3807.85it/s]mclmc Sampling: 100%|██████████| 10000/10000 [00:03<00:00, 2606.58it/s]
mclmc Sampling:   0%|          | 0/10000 [00:00<?, ?it/s]mclmc Sampling:   0%|          | 1/10000 [00:01<2:58:18,  1.07s/it]mclmc Sampling:   3%|▎         | 291/10000 [00:01<00:28, 342.26it/s]mclmc Sampling:   7%|▋         | 651/10000 [00:01<00:11, 810.26it/s]mclmc Sampling:  10%|█         | 1019/10000 [00:01<00:06, 1298.91it/s]mclmc Sampling:  14%|█▍        | 1391/10000 [00:01<00:04, 1769.89it/s]mclmc Sampling:  18%|█▊        | 1779/10000 [00:01<00:03, 2230.26it/s]mclmc Sampling:  22%|██▏       | 2161/10000 [00:01<00:03, 2605.89it/s]mclmc Sampling:  25%|██▌       | 2542/10000 [00:01<00:02, 2909.68it/s]mclmc Sampling:  29%|██▉       | 2929/10000 [00:01<00:02, 3164.62it/s]mclmc Sampling:  33%|███▎      | 3314/10000 [00:01<00:01, 3352.49it/s]mclmc Sampling:  37%|███▋      | 3698/10000 [00:02<00:01, 3488.95it/s]mclmc Sampling:  41%|████      | 4079/10000 [00:02<00:01, 3580.09it/s]mclmc Sampling:  45%|████▍     | 4459/10000 [00:02<00:01, 3642.90it/s]mclmc Sampling:  48%|████▊     | 4840/10000 [00:02<00:01, 3690.70it/s]mclmc Sampling:  52%|█████▏    | 5220/10000 [00:02<00:01, 3721.44it/s]mclmc Sampling:  56%|█████▌    | 5602/10000 [00:02<00:01, 3749.33it/s]mclmc Sampling:  60%|█████▉    | 5985/10000 [00:02<00:01, 3772.70it/s]mclmc Sampling:  64%|██████▎   | 6370/10000 [00:02<00:00, 3793.88it/s]mclmc Sampling:  68%|██████▊   | 6752/10000 [00:02<00:00, 3789.83it/s]mclmc Sampling:  71%|███████▏  | 7141/10000 [00:02<00:00, 3813.35it/s]mclmc Sampling:  75%|███████▌  | 7524/10000 [00:03<00:00, 3815.13it/s]mclmc Sampling:  79%|███████▉  | 7907/10000 [00:03<00:00, 3819.51it/s]mclmc Sampling:  83%|████████▎ | 8290/10000 [00:03<00:00, 3821.11it/s]mclmc Sampling:  87%|████████▋ | 8673/10000 [00:03<00:00, 3798.64it/s]mclmc Sampling:  91%|█████████ | 9054/10000 [00:03<00:00, 3787.60it/s]mclmc Sampling:  94%|█████████▍| 9433/10000 [00:03<00:00, 3722.14it/s]mclmc Sampling:  98%|█████████▊| 9817/10000 [00:03<00:00, 3755.52it/s]mclmc Sampling: 100%|██████████| 10000/10000 [00:03<00:00, 2678.53it/s]
mclmc Sampling:   0%|          | 0/10000 [00:00<?, ?it/s]mclmc Sampling:   0%|          | 1/10000 [00:01<2:55:05,  1.05s/it]mclmc Sampling:   3%|▎         | 274/10000 [00:01<00:29, 327.58it/s]mclmc Sampling:   7%|▋         | 659/10000 [00:01<00:11, 841.71it/s]mclmc Sampling:  10%|█         | 1042/10000 [00:01<00:06, 1356.64it/s]mclmc Sampling:  14%|█▍        | 1424/10000 [00:01<00:04, 1843.06it/s]mclmc Sampling:  18%|█▊        | 1811/10000 [00:01<00:03, 2285.44it/s]mclmc Sampling:  22%|██▏       | 2194/10000 [00:01<00:02, 2654.03it/s]mclmc Sampling:  26%|██▌       | 2568/10000 [00:01<00:02, 2930.27it/s]mclmc Sampling:  30%|██▉       | 2950/10000 [00:01<00:02, 3166.44it/s]mclmc Sampling:  33%|███▎      | 3331/10000 [00:01<00:01, 3337.03it/s]mclmc Sampling:  37%|███▋      | 3716/10000 [00:02<00:01, 3480.67it/s]mclmc Sampling:  41%|████      | 4100/10000 [00:02<00:01, 3582.17it/s]mclmc Sampling:  45%|████▍     | 4481/10000 [00:02<00:01, 3645.15it/s]mclmc Sampling:  49%|████▊     | 4862/10000 [00:02<00:01, 3691.82it/s]mclmc Sampling:  52%|█████▏    | 5242/10000 [00:02<00:01, 3709.28it/s]mclmc Sampling:  56%|█████▌    | 5621/10000 [00:02<00:01, 3677.22it/s]mclmc Sampling:  60%|██████    | 6001/10000 [00:02<00:01, 3703.65it/s]mclmc Sampling:  64%|██████▍   | 6377/10000 [00:02<00:00, 3719.24it/s]mclmc Sampling:  68%|██████▊   | 6752/10000 [00:02<00:00, 3707.55it/s]mclmc Sampling:  71%|███████▏  | 7139/10000 [00:02<00:00, 3755.33it/s]mclmc Sampling:  75%|███████▌  | 7521/10000 [00:03<00:00, 3770.96it/s]mclmc Sampling:  79%|███████▉  | 7900/10000 [00:03<00:00, 3759.58it/s]mclmc Sampling:  83%|████████▎ | 8277/10000 [00:03<00:00, 3678.44it/s]mclmc Sampling:  87%|████████▋ | 8657/10000 [00:03<00:00, 3713.32it/s]mclmc Sampling:  90%|█████████ | 9041/10000 [00:03<00:00, 3750.04it/s]mclmc Sampling:  94%|█████████▍| 9428/10000 [00:03<00:00, 3783.76it/s]mclmc Sampling:  98%|█████████▊| 9807/10000 [00:03<00:00, 3784.65it/s]mclmc Sampling: 100%|██████████| 10000/10000 [00:03<00:00, 2685.01it/s]
mclmc Sampling:   0%|          | 0/10000 [00:00<?, ?it/s]mclmc Sampling:   0%|          | 1/10000 [00:01<3:41:26,  1.33s/it]mclmc Sampling:   2%|▏         | 241/10000 [00:01<00:41, 233.53it/s]mclmc Sampling:   5%|▍         | 481/10000 [00:01<00:19, 497.15it/s]mclmc Sampling:   7%|▋         | 722/10000 [00:01<00:11, 780.09it/s]mclmc Sampling:  10%|▉         | 963/10000 [00:01<00:08, 1064.18it/s]mclmc Sampling:  12%|█▏        | 1203/10000 [00:01<00:06, 1330.26it/s]mclmc Sampling:  14%|█▍        | 1444/10000 [00:01<00:05, 1568.84it/s]mclmc Sampling:  17%|█▋        | 1684/10000 [00:02<00:04, 1767.85it/s]mclmc Sampling:  19%|█▉        | 1925/10000 [00:02<00:04, 1931.06it/s]mclmc Sampling:  22%|██▏       | 2165/10000 [00:02<00:03, 2056.22it/s]mclmc Sampling:  24%|██▍       | 2405/10000 [00:02<00:03, 2151.12it/s]mclmc Sampling:  26%|██▋       | 2645/10000 [00:02<00:03, 2220.62it/s]mclmc Sampling:  29%|██▉       | 2885/10000 [00:02<00:03, 2272.08it/s]mclmc Sampling:  31%|███▏      | 3126/10000 [00:02<00:02, 2311.20it/s]mclmc Sampling:  34%|███▎      | 3367/10000 [00:02<00:02, 2339.31it/s]mclmc Sampling:  36%|███▌      | 3608/10000 [00:02<00:02, 2359.40it/s]mclmc Sampling:  38%|███▊      | 3849/10000 [00:02<00:02, 2364.22it/s]mclmc Sampling:  41%|████      | 4090/10000 [00:03<00:02, 2376.61it/s]mclmc Sampling:  43%|████▎     | 4331/10000 [00:03<00:02, 2378.26it/s]mclmc Sampling:  46%|████▌     | 4571/10000 [00:03<00:02, 2384.44it/s]mclmc Sampling:  48%|████▊     | 4812/10000 [00:03<00:02, 2391.12it/s]mclmc Sampling:  51%|█████     | 5052/10000 [00:03<00:02, 2393.44it/s]mclmc Sampling:  53%|█████▎    | 5292/10000 [00:03<00:01, 2395.37it/s]mclmc Sampling:  55%|█████▌    | 5533/10000 [00:03<00:01, 2397.72it/s]mclmc Sampling:  58%|█████▊    | 5774/10000 [00:03<00:01, 2399.01it/s]mclmc Sampling:  60%|██████    | 6015/10000 [00:03<00:01, 2400.73it/s]mclmc Sampling:  63%|██████▎   | 6284/10000 [00:03<00:01, 2486.16it/s]mclmc Sampling:  67%|██████▋   | 6652/10000 [00:04<00:01, 2843.44it/s]mclmc Sampling:  70%|███████   | 7027/10000 [00:04<00:00, 3113.62it/s]mclmc Sampling:  74%|███████▍  | 7394/10000 [00:04<00:00, 3280.01it/s]mclmc Sampling:  78%|███████▊  | 7762/10000 [00:04<00:00, 3398.13it/s]mclmc Sampling:  81%|████████▏ | 8135/10000 [00:04<00:00, 3497.13it/s]mclmc Sampling:  85%|████████▌ | 8506/10000 [00:04<00:00, 3560.09it/s]mclmc Sampling:  89%|████████▉ | 8877/10000 [00:04<00:00, 3603.39it/s]mclmc Sampling:  93%|█████████▎| 9251/10000 [00:04<00:00, 3636.37it/s]mclmc Sampling:  96%|█████████▌| 9623/10000 [00:04<00:00, 3659.95it/s]mclmc Sampling: 100%|█████████▉| 9997/10000 [00:04<00:00, 3682.54it/s]mclmc Sampling: 100%|██████████| 10000/10000 [00:04<00:00, 2025.15it/s]
multiprocessing.pool.RemoteTraceback: 
"""
Traceback (most recent call last):
  File "/root/miniconda3/lib/python3.10/multiprocessing/pool.py", line 125, in worker
    result = (True, func(*args, **kwds))
  File "/root/miniconda3/lib/python3.10/multiprocessing/pool.py", line 51, in starmapstar
    return list(itertools.starmap(args[0], args[1]))
  File "/root/autodl-tmp/MILE/train.py", line 19, in train_bde
    trainer.train_bde()
  File "/root/autodl-tmp/MILE/src/training/trainer.py", line 178, in train_bde
    self.complete_samples()
  File "/root/autodl-tmp/MILE/src/training/trainer.py", line 642, in complete_samples
    dic_sample = dict(sample)
  File "/root/autodl-tmp/MILE/venv/lib/python3.10/site-packages/numpy/lib/npyio.py", line 252, in __getitem__
    magic = bytes.read(len(format.MAGIC_PREFIX))
  File "/root/miniconda3/lib/python3.10/zipfile.py", line 925, in read
    data = self._read1(n)
  File "/root/miniconda3/lib/python3.10/zipfile.py", line 1015, in _read1
    self._update_crc(data)
  File "/root/miniconda3/lib/python3.10/zipfile.py", line 943, in _update_crc
    raise BadZipFile("Bad CRC-32 for file %r" % self.name)
zipfile.BadZipFile: Bad CRC-32 for file 'fcn.layer0.bias.npy'
"""

The above exception was the direct cause of the following exception:

Traceback (most recent call last):
  File "/root/autodl-tmp/MILE/train.py", line 121, in <module>
    _ = p.starmap(train_bde, [(cfg, 1) for cfg in configs])
  File "/root/miniconda3/lib/python3.10/multiprocessing/pool.py", line 375, in starmap
    return self._map_async(func, iterable, starmapstar, chunksize).get()
  File "/root/miniconda3/lib/python3.10/multiprocessing/pool.py", line 774, in get
    raise self._value
zipfile.BadZipFile: Bad CRC-32 for file 'fcn.layer0.bias.npy'
2025-03-08 09:38:04,369 - __main__ - INFO - Loaded 1 Experiment(s)
Disabling stream logging in outer parallel mode, logs will only appear in log files.
2025-03-08 09:38:05,311 - datasets - INFO - PyTorch version 2.2.2+cpu available.
2025-03-08 09:38:05,312 - datasets - INFO - JAX version 0.4.28 available.
2025-03-08 09:38:05,664 - __main__ - INFO - > Running experiment: debug_1_device
2025-03-08 09:38:05,676 - jax._src.xla_bridge - INFO - Unable to initialize backend 'cuda': 
2025-03-08 09:38:05,676 - jax._src.xla_bridge - INFO - Unable to initialize backend 'rocm': module 'jaxlib.xla_extension' has no attribute 'GpuAllocatorConfig'
2025-03-08 09:38:05,677 - jax._src.xla_bridge - INFO - Unable to initialize backend 'tpu': INTERNAL: Failed to open libtpu.so: libtpu.so: cannot open shared object file: No such file or directory
2025-03-08 09:38:05,747 - src.training.trainer - INFO - > Setting up directories...
mclmc Sampling:   0%|          | 0/10000 [00:00<?, ?it/s]mclmc Sampling:   0%|          | 1/10000 [00:01<3:07:53,  1.13s/it]mclmc Sampling:   3%|▎         | 261/10000 [00:01<00:33, 292.86it/s]mclmc Sampling:   6%|▌         | 560/10000 [00:01<00:14, 665.72it/s]mclmc Sampling:   9%|▊         | 855/10000 [00:01<00:08, 1042.39it/s]mclmc Sampling:  12%|█▏        | 1154/10000 [00:01<00:06, 1413.58it/s]mclmc Sampling:  15%|█▍        | 1457/10000 [00:01<00:04, 1759.14it/s]mclmc Sampling:  18%|█▊        | 1761/10000 [00:01<00:04, 2054.57it/s]mclmc Sampling:  20%|██        | 2048/10000 [00:01<00:03, 2256.40it/s]mclmc Sampling:  23%|██▎       | 2335/10000 [00:01<00:03, 2411.30it/s]mclmc Sampling:  26%|██▌       | 2621/10000 [00:02<00:02, 2522.12it/s]mclmc Sampling:  29%|██▉       | 2906/10000 [00:02<00:02, 2610.94it/s]mclmc Sampling:  32%|███▏      | 3198/10000 [00:02<00:02, 2698.51it/s]mclmc Sampling:  35%|███▍      | 3488/10000 [00:02<00:02, 2756.45it/s]mclmc Sampling:  38%|███▊      | 3776/10000 [00:02<00:02, 2783.87it/s]mclmc Sampling:  41%|████      | 4063/10000 [00:02<00:02, 2769.10it/s]mclmc Sampling:  43%|████▎     | 4346/10000 [00:02<00:02, 2757.01it/s]mclmc Sampling:  46%|████▋     | 4641/10000 [00:02<00:01, 2808.55it/s]mclmc Sampling:  49%|████▉     | 4931/10000 [00:02<00:01, 2830.71it/s]mclmc Sampling:  52%|█████▏    | 5226/10000 [00:02<00:01, 2863.95it/s]mclmc Sampling:  55%|█████▌    | 5524/10000 [00:03<00:01, 2898.04it/s]mclmc Sampling:  58%|█████▊    | 5829/10000 [00:03<00:01, 2941.27it/s]mclmc Sampling:  61%|██████▏   | 6127/10000 [00:03<00:01, 2950.99it/s]mclmc Sampling:  64%|██████▍   | 6423/10000 [00:03<00:01, 2942.13it/s]mclmc Sampling:  67%|██████▋   | 6721/10000 [00:03<00:01, 2950.99it/s]mclmc Sampling:  70%|███████   | 7017/10000 [00:03<00:01, 2939.76it/s]mclmc Sampling:  73%|███████▎  | 7321/10000 [00:03<00:00, 2961.46it/s]mclmc Sampling:  76%|███████▋  | 7625/10000 [00:03<00:00, 2982.94it/s]mclmc Sampling:  79%|███████▉  | 7924/10000 [00:03<00:00, 2948.75it/s]mclmc Sampling:  82%|████████▏ | 8220/10000 [00:03<00:00, 2921.30it/s]mclmc Sampling:  85%|████████▌ | 8514/10000 [00:04<00:00, 2926.23it/s]mclmc Sampling:  88%|████████▊ | 8807/10000 [00:04<00:00, 2923.93it/s]mclmc Sampling:  91%|█████████ | 9100/10000 [00:04<00:00, 2862.45it/s]mclmc Sampling:  94%|█████████▍| 9387/10000 [00:04<00:00, 2822.78it/s]mclmc Sampling:  97%|█████████▋| 9682/10000 [00:04<00:00, 2859.67it/s]mclmc Sampling: 100%|█████████▉| 9976/10000 [00:04<00:00, 2882.60it/s]mclmc Sampling: 100%|██████████| 10000/10000 [00:04<00:00, 2184.49it/s]
mclmc Sampling:   0%|          | 0/10000 [00:00<?, ?it/s]mclmc Sampling:   0%|          | 1/10000 [00:00<2:20:10,  1.19it/s]mclmc Sampling:   3%|▎         | 251/10000 [00:00<00:26, 363.46it/s]mclmc Sampling:   5%|▌         | 546/10000 [00:01<00:11, 807.21it/s]mclmc Sampling:   8%|▊         | 849/10000 [00:01<00:07, 1244.40it/s]mclmc Sampling:  11%|█▏        | 1132/10000 [00:01<00:05, 1590.94it/s]mclmc Sampling:  14%|█▍        | 1435/10000 [00:01<00:04, 1933.77it/s]mclmc Sampling:  17%|█▋        | 1721/10000 [00:01<00:03, 2166.40it/s]mclmc Sampling:  20%|██        | 2001/10000 [00:01<00:03, 2328.70it/s]mclmc Sampling:  23%|██▎       | 2291/10000 [00:01<00:03, 2482.87it/s]mclmc Sampling:  26%|██▌       | 2573/10000 [00:01<00:02, 2549.18it/s]mclmc Sampling:  29%|██▊       | 2861/10000 [00:01<00:02, 2637.85it/s]mclmc Sampling:  32%|███▏      | 3164/10000 [00:01<00:02, 2749.38it/s]mclmc Sampling:  35%|███▍      | 3452/10000 [00:02<00:02, 2723.72it/s]mclmc Sampling:  37%|███▋      | 3739/10000 [00:02<00:02, 2765.47it/s]mclmc Sampling:  40%|████      | 4036/10000 [00:02<00:02, 2823.78it/s]mclmc Sampling:  43%|████▎     | 4326/10000 [00:02<00:01, 2845.65it/s]mclmc Sampling:  46%|████▌     | 4614/10000 [00:02<00:01, 2848.01it/s]mclmc Sampling:  49%|████▉     | 4902/10000 [00:02<00:01, 2829.35it/s]mclmc Sampling:  52%|█████▏    | 5187/10000 [00:02<00:01, 2768.25it/s]mclmc Sampling:  55%|█████▍    | 5488/10000 [00:02<00:01, 2838.10it/s]mclmc Sampling:  58%|█████▊    | 5773/10000 [00:02<00:01, 2803.44it/s]mclmc Sampling:  61%|██████    | 6055/10000 [00:02<00:01, 2795.17it/s]mclmc Sampling:  63%|██████▎   | 6336/10000 [00:03<00:01, 2797.68it/s]mclmc Sampling:  66%|██████▌   | 6623/10000 [00:03<00:01, 2818.97it/s]mclmc Sampling:  69%|██████▉   | 6916/10000 [00:03<00:01, 2850.04it/s]mclmc Sampling:  72%|███████▏  | 7219/10000 [00:03<00:00, 2903.51it/s]mclmc Sampling:  75%|███████▌  | 7510/10000 [00:03<00:00, 2885.65it/s]mclmc Sampling:  78%|███████▊  | 7800/10000 [00:03<00:00, 2889.10it/s]mclmc Sampling:  81%|████████  | 8090/10000 [00:03<00:00, 2891.32it/s]mclmc Sampling:  84%|████████▍ | 8391/10000 [00:03<00:00, 2920.38it/s]mclmc Sampling:  87%|████████▋ | 8698/10000 [00:03<00:00, 2963.15it/s]mclmc Sampling:  90%|█████████ | 9001/10000 [00:03<00:00, 2980.55it/s]mclmc Sampling:  93%|█████████▎| 9301/10000 [00:04<00:00, 2980.84it/s]mclmc Sampling:  96%|█████████▌| 9608/10000 [00:04<00:00, 3005.56it/s]mclmc Sampling:  99%|█████████▉| 9911/10000 [00:04<00:00, 3008.40it/s]mclmc Sampling: 100%|██████████| 10000/10000 [00:04<00:00, 2319.67it/s]
mclmc Sampling:   0%|          | 0/10000 [00:00<?, ?it/s]mclmc Sampling:   0%|          | 1/10000 [00:01<3:12:38,  1.16s/it]mclmc Sampling:   2%|▏         | 194/10000 [00:01<00:46, 213.01it/s]mclmc Sampling:   4%|▍         | 391/10000 [00:01<00:21, 451.17it/s]mclmc Sampling:   6%|▌         | 582/10000 [00:01<00:13, 687.63it/s]mclmc Sampling:   8%|▊         | 780/10000 [00:01<00:09, 930.47it/s]mclmc Sampling:  10%|▉         | 976/10000 [00:01<00:07, 1148.44it/s]mclmc Sampling:  12%|█▏        | 1172/10000 [00:01<00:06, 1336.23it/s]mclmc Sampling:  14%|█▎        | 1371/10000 [00:01<00:05, 1493.54it/s]mclmc Sampling:  16%|█▌        | 1569/10000 [00:01<00:05, 1620.00it/s]mclmc Sampling:  18%|█▊        | 1765/10000 [00:02<00:04, 1711.20it/s]mclmc Sampling:  20%|█▉        | 1961/10000 [00:02<00:04, 1779.64it/s]mclmc Sampling:  22%|██▏       | 2159/10000 [00:02<00:04, 1836.71it/s]mclmc Sampling:  24%|██▎       | 2355/10000 [00:02<00:04, 1871.78it/s]mclmc Sampling:  26%|██▌       | 2551/10000 [00:02<00:03, 1896.94it/s]mclmc Sampling:  28%|██▊       | 2750/10000 [00:02<00:03, 1923.56it/s]mclmc Sampling:  29%|██▉       | 2947/10000 [00:02<00:03, 1934.73it/s]mclmc Sampling:  32%|███▏      | 3201/10000 [00:02<00:03, 2109.66it/s]mclmc Sampling:  35%|███▍      | 3490/10000 [00:02<00:02, 2340.45it/s]mclmc Sampling:  38%|███▊      | 3793/10000 [00:02<00:02, 2545.10it/s]mclmc Sampling:  41%|████      | 4098/10000 [00:03<00:02, 2695.69it/s]mclmc Sampling:  44%|████▍     | 4398/10000 [00:03<00:02, 2785.80it/s]mclmc Sampling:  47%|████▋     | 4696/10000 [00:03<00:01, 2843.26it/s]mclmc Sampling:  50%|████▉     | 4991/10000 [00:03<00:01, 2871.95it/s]mclmc Sampling:  53%|█████▎    | 5294/10000 [00:03<00:01, 2918.55it/s]mclmc Sampling:  56%|█████▌    | 5592/10000 [00:03<00:01, 2934.89it/s]mclmc Sampling:  59%|█████▉    | 5898/10000 [00:03<00:01, 2971.90it/s]mclmc Sampling:  62%|██████▏   | 6196/10000 [00:03<00:01, 2970.83it/s]mclmc Sampling:  65%|██████▍   | 6494/10000 [00:03<00:01, 2961.66it/s]mclmc Sampling:  68%|██████▊   | 6799/10000 [00:03<00:01, 2987.77it/s]mclmc Sampling:  71%|███████   | 7100/10000 [00:04<00:00, 2992.24it/s]mclmc Sampling:  74%|███████▍  | 7400/10000 [00:04<00:00, 2981.46it/s]mclmc Sampling:  77%|███████▋  | 7701/10000 [00:04<00:00, 2984.94it/s]mclmc Sampling:  80%|████████  | 8000/10000 [00:04<00:00, 2966.69it/s]mclmc Sampling:  83%|████████▎ | 8302/10000 [00:04<00:00, 2982.44it/s]mclmc Sampling:  86%|████████▌ | 8601/10000 [00:04<00:00, 2873.96it/s]mclmc Sampling:  89%|████████▉ | 8890/10000 [00:04<00:00, 2837.84it/s]mclmc Sampling:  92%|█████████▏| 9182/10000 [00:04<00:00, 2859.98it/s]mclmc Sampling:  95%|█████████▍| 9474/10000 [00:04<00:00, 2876.15it/s]mclmc Sampling:  98%|█████████▊| 9781/10000 [00:04<00:00, 2927.50it/s]mclmc Sampling: 100%|██████████| 10000/10000 [00:05<00:00, 1976.70it/s]
mclmc Sampling:   0%|          | 0/10000 [00:00<?, ?it/s]mclmc Sampling:   0%|          | 1/10000 [00:00<2:12:29,  1.26it/s]mclmc Sampling:   2%|▏         | 231/10000 [00:00<00:27, 351.17it/s]mclmc Sampling:   5%|▌         | 527/10000 [00:00<00:11, 816.85it/s]mclmc Sampling:   8%|▊         | 803/10000 [00:01<00:07, 1211.38it/s]mclmc Sampling:  11%|█         | 1065/10000 [00:01<00:05, 1528.22it/s]mclmc Sampling:  14%|█▎        | 1358/10000 [00:01<00:04, 1868.48it/s]mclmc Sampling:  17%|█▋        | 1661/10000 [00:01<00:03, 2164.56it/s]mclmc Sampling:  19%|█▉        | 1948/10000 [00:01<00:03, 2352.83it/s]mclmc Sampling:  22%|██▏       | 2248/10000 [00:01<00:03, 2531.09it/s]mclmc Sampling:  26%|██▌       | 2552/10000 [00:01<00:02, 2672.95it/s]mclmc Sampling:  29%|██▊       | 2857/10000 [00:01<00:02, 2781.27it/s]mclmc Sampling:  32%|███▏      | 3161/10000 [00:01<00:02, 2852.23it/s]mclmc Sampling:  35%|███▍      | 3459/10000 [00:01<00:02, 2885.11it/s]mclmc Sampling:  38%|███▊      | 3756/10000 [00:02<00:02, 2856.87it/s]mclmc Sampling:  41%|████      | 4052/10000 [00:02<00:02, 2884.69it/s]mclmc Sampling:  44%|████▎     | 4351/10000 [00:02<00:01, 2913.19it/s]mclmc Sampling:  47%|████▋     | 4652/10000 [00:02<00:01, 2938.28it/s]mclmc Sampling:  49%|████▉     | 4948/10000 [00:02<00:01, 2922.78it/s]mclmc Sampling:  52%|█████▏    | 5246/10000 [00:02<00:01, 2937.76it/s]mclmc Sampling:  55%|█████▌    | 5547/10000 [00:02<00:01, 2958.67it/s]mclmc Sampling:  58%|█████▊    | 5847/10000 [00:02<00:01, 2970.68it/s]mclmc Sampling:  61%|██████▏   | 6146/10000 [00:02<00:01, 2975.95it/s]mclmc Sampling:  64%|██████▍   | 6444/10000 [00:03<00:01, 2967.42it/s]mclmc Sampling:  67%|██████▋   | 6746/10000 [00:03<00:01, 2982.05it/s]mclmc Sampling:  70%|███████   | 7047/10000 [00:03<00:00, 2988.55it/s]mclmc Sampling:  73%|███████▎  | 7348/10000 [00:03<00:00, 2993.69it/s]mclmc Sampling:  76%|███████▋  | 7648/10000 [00:03<00:00, 2948.14it/s]mclmc Sampling:  79%|███████▉  | 7944/10000 [00:03<00:00, 2934.97it/s]mclmc Sampling:  82%|████████▏ | 8247/10000 [00:03<00:00, 2962.68it/s]mclmc Sampling:  86%|████████▌ | 8551/10000 [00:03<00:00, 2979.49it/s]mclmc Sampling:  89%|████████▊ | 8857/10000 [00:03<00:00, 3001.62it/s]mclmc Sampling:  92%|█████████▏| 9161/10000 [00:03<00:00, 3009.63it/s]mclmc Sampling:  95%|█████████▍| 9463/10000 [00:04<00:00, 2964.19it/s]mclmc Sampling:  98%|█████████▊| 9761/10000 [00:04<00:00, 2966.67it/s]mclmc Sampling: 100%|██████████| 10000/10000 [00:04<00:00, 2378.64it/s]
mclmc Sampling:   0%|          | 0/10000 [00:00<?, ?it/s]mclmc Sampling:   0%|          | 1/10000 [00:01<3:07:58,  1.13s/it]mclmc Sampling:   2%|▏         | 196/10000 [00:01<00:44, 219.92it/s]mclmc Sampling:   4%|▍         | 392/10000 [00:01<00:20, 460.51it/s]mclmc Sampling:   6%|▌         | 591/10000 [00:01<00:13, 711.11it/s]mclmc Sampling:   9%|▊         | 855/10000 [00:01<00:08, 1077.81it/s]mclmc Sampling:  12%|█▏        | 1150/10000 [00:01<00:05, 1477.85it/s]mclmc Sampling:  14%|█▍        | 1431/10000 [00:01<00:04, 1788.47it/s]mclmc Sampling:  17%|█▋        | 1713/10000 [00:01<00:04, 2046.54it/s]mclmc Sampling:  20%|██        | 2011/10000 [00:01<00:03, 2289.43it/s]mclmc Sampling:  23%|██▎       | 2315/10000 [00:02<00:03, 2494.02it/s]mclmc Sampling:  26%|██▌       | 2601/10000 [00:02<00:02, 2596.05it/s]mclmc Sampling:  29%|██▉       | 2899/10000 [00:02<00:02, 2705.66it/s]mclmc Sampling:  32%|███▏      | 3191/10000 [00:02<00:02, 2761.52it/s]mclmc Sampling:  35%|███▍      | 3491/10000 [00:02<00:02, 2823.54it/s]mclmc Sampling:  38%|███▊      | 3791/10000 [00:02<00:02, 2874.84it/s]mclmc Sampling:  41%|████      | 4085/10000 [00:02<00:02, 2883.38it/s]mclmc Sampling:  44%|████▍     | 4382/10000 [00:02<00:01, 2905.93it/s]mclmc Sampling:  47%|████▋     | 4676/10000 [00:02<00:01, 2907.23it/s]mclmc Sampling:  50%|████▉     | 4969/10000 [00:02<00:01, 2904.55it/s]mclmc Sampling:  53%|█████▎    | 5265/10000 [00:03<00:01, 2919.96it/s]mclmc Sampling:  56%|█████▌    | 5559/10000 [00:03<00:01, 2896.52it/s]mclmc Sampling:  58%|█████▊    | 5850/10000 [00:03<00:01, 2886.03it/s]mclmc Sampling:  61%|██████▏   | 6140/10000 [00:03<00:01, 2873.49it/s]mclmc Sampling:  64%|██████▍   | 6431/10000 [00:03<00:01, 2879.58it/s]mclmc Sampling:  67%|██████▋   | 6732/10000 [00:03<00:01, 2914.97it/s]mclmc Sampling:  70%|███████   | 7024/10000 [00:03<00:01, 2911.60it/s]mclmc Sampling:  73%|███████▎  | 7330/10000 [00:03<00:00, 2954.53it/s]mclmc Sampling:  76%|███████▋  | 7626/10000 [00:03<00:00, 2929.69it/s]mclmc Sampling:  79%|███████▉  | 7931/10000 [00:03<00:00, 2964.29it/s]mclmc Sampling:  82%|████████▏ | 8228/10000 [00:04<00:00, 2964.88it/s]mclmc Sampling:  85%|████████▌ | 8531/10000 [00:04<00:00, 2982.20it/s]mclmc Sampling:  88%|████████▊ | 8830/10000 [00:04<00:00, 2977.06it/s]mclmc Sampling:  91%|█████████▏| 9128/10000 [00:04<00:00, 2936.94it/s]mclmc Sampling:  94%|█████████▍| 9430/10000 [00:04<00:00, 2959.57it/s]mclmc Sampling:  97%|█████████▋| 9732/10000 [00:04<00:00, 2976.64it/s]mclmc Sampling: 100%|██████████| 10000/10000 [00:04<00:00, 2152.66it/s]
mclmc Sampling:   0%|          | 0/10000 [00:00<?, ?it/s]mclmc Sampling:   0%|          | 1/10000 [00:00<2:10:42,  1.28it/s]mclmc Sampling:   2%|▏         | 232/10000 [00:00<00:27, 356.80it/s]mclmc Sampling:   5%|▌         | 525/10000 [00:00<00:11, 820.71it/s]mclmc Sampling:   8%|▊         | 831/10000 [00:01<00:07, 1276.91it/s]mclmc Sampling:  11%|█▏        | 1139/10000 [00:01<00:05, 1683.93it/s]mclmc Sampling:  14%|█▍        | 1443/10000 [00:01<00:04, 2013.76it/s]mclmc Sampling:  17%|█▋        | 1746/10000 [00:01<00:03, 2276.10it/s]mclmc Sampling:  20%|██        | 2034/10000 [00:01<00:03, 2430.34it/s]mclmc Sampling:  23%|██▎       | 2341/10000 [00:01<00:02, 2601.53it/s]mclmc Sampling:  26%|██▋       | 2645/10000 [00:01<00:02, 2724.94it/s]mclmc Sampling:  29%|██▉       | 2949/10000 [00:01<00:02, 2815.25it/s]mclmc Sampling:  33%|███▎      | 3251/10000 [00:01<00:02, 2872.13it/s]mclmc Sampling:  36%|███▌      | 3550/10000 [00:01<00:02, 2874.09it/s]mclmc Sampling:  38%|███▊      | 3846/10000 [00:02<00:02, 2851.25it/s]mclmc Sampling:  41%|████▏     | 4143/10000 [00:02<00:02, 2885.58it/s]mclmc Sampling:  44%|████▍     | 4445/10000 [00:02<00:01, 2924.25it/s]mclmc Sampling:  48%|████▊     | 4751/10000 [00:02<00:01, 2961.42it/s]mclmc Sampling:  50%|█████     | 5050/10000 [00:02<00:01, 2962.10it/s]mclmc Sampling:  54%|█████▎    | 5356/10000 [00:02<00:01, 2989.52it/s]mclmc Sampling:  57%|█████▋    | 5661/10000 [00:02<00:01, 3006.74it/s]mclmc Sampling:  60%|█████▉    | 5971/10000 [00:02<00:01, 3026.82it/s]mclmc Sampling:  63%|██████▎   | 6275/10000 [00:02<00:01, 3028.81it/s]mclmc Sampling:  66%|██████▌   | 6579/10000 [00:03<00:01, 2997.46it/s]mclmc Sampling:  69%|██████▉   | 6880/10000 [00:03<00:01, 2940.78it/s]mclmc Sampling:  72%|███████▏  | 7175/10000 [00:03<00:00, 2911.51it/s]mclmc Sampling:  75%|███████▍  | 7481/10000 [00:03<00:00, 2949.33it/s]mclmc Sampling:  78%|███████▊  | 7777/10000 [00:03<00:00, 2928.10it/s]mclmc Sampling:  81%|████████  | 8071/10000 [00:03<00:00, 2914.77it/s]mclmc Sampling:  84%|████████▍ | 8381/10000 [00:03<00:00, 2961.31it/s]mclmc Sampling:  87%|████████▋ | 8683/10000 [00:03<00:00, 2977.73it/s]mclmc Sampling:  90%|████████▉ | 8982/10000 [00:03<00:00, 2981.12it/s]mclmc Sampling:  93%|█████████▎| 9281/10000 [00:03<00:00, 2983.65it/s]mclmc Sampling:  96%|█████████▌| 9580/10000 [00:04<00:00, 2897.40it/s]mclmc Sampling:  99%|█████████▊| 9872/10000 [00:04<00:00, 2901.92it/s]mclmc Sampling: 100%|██████████| 10000/10000 [00:04<00:00, 2396.03it/s]
mclmc Sampling:   0%|          | 0/10000 [00:00<?, ?it/s]mclmc Sampling:   0%|          | 1/10000 [00:00<2:12:04,  1.26it/s]mclmc Sampling:   3%|▎         | 261/10000 [00:00<00:24, 397.99it/s]mclmc Sampling:   6%|▌         | 561/10000 [00:00<00:10, 862.61it/s]mclmc Sampling:   9%|▊         | 851/10000 [00:01<00:07, 1276.07it/s]mclmc Sampling:  11%|█         | 1113/10000 [00:01<00:05, 1577.34it/s]mclmc Sampling:  14%|█▍        | 1401/10000 [00:01<00:04, 1893.51it/s]mclmc Sampling:  17%|█▋        | 1698/10000 [00:01<00:03, 2170.27it/s]mclmc Sampling:  20%|█▉        | 1990/10000 [00:01<00:03, 2370.51it/s]mclmc Sampling:  23%|██▎       | 2270/10000 [00:01<00:03, 2489.12it/s]mclmc Sampling:  26%|██▌       | 2557/10000 [00:01<00:02, 2596.95it/s]mclmc Sampling:  29%|██▊       | 2858/10000 [00:01<00:02, 2714.38it/s]mclmc Sampling:  31%|███▏      | 3146/10000 [00:01<00:02, 2751.62it/s]mclmc Sampling:  34%|███▍      | 3433/10000 [00:02<00:02, 2736.83it/s]mclmc Sampling:  37%|███▋      | 3717/10000 [00:02<00:02, 2766.57it/s]mclmc Sampling:  40%|████      | 4001/10000 [00:02<00:02, 2786.56it/s]mclmc Sampling:  43%|████▎     | 4291/10000 [00:02<00:02, 2813.05it/s]mclmc Sampling:  46%|████▌     | 4592/10000 [00:02<00:01, 2871.30it/s]mclmc Sampling:  49%|████▉     | 4882/10000 [00:02<00:01, 2863.74it/s]mclmc Sampling:  52%|█████▏    | 5181/10000 [00:02<00:01, 2900.20it/s]mclmc Sampling:  55%|█████▍    | 5473/10000 [00:02<00:01, 2839.46it/s]mclmc Sampling:  58%|█████▊    | 5772/10000 [00:02<00:01, 2881.12it/s]mclmc Sampling:  61%|██████    | 6061/10000 [00:02<00:01, 2873.25it/s]mclmc Sampling:  63%|██████▎   | 6349/10000 [00:03<00:01, 2865.82it/s]mclmc Sampling:  66%|██████▋   | 6650/10000 [00:03<00:01, 2908.35it/s]mclmc Sampling:  69%|██████▉   | 6942/10000 [00:03<00:01, 2858.85it/s]mclmc Sampling:  72%|███████▏  | 7229/10000 [00:03<00:00, 2845.75it/s]mclmc Sampling:  75%|███████▌  | 7514/10000 [00:03<00:00, 2824.84it/s]mclmc Sampling:  78%|███████▊  | 7801/10000 [00:03<00:00, 2830.69it/s]mclmc Sampling:  81%|████████  | 8095/10000 [00:03<00:00, 2863.02it/s]mclmc Sampling:  84%|████████▍ | 8392/10000 [00:03<00:00, 2893.13it/s]mclmc Sampling:  87%|████████▋ | 8697/10000 [00:03<00:00, 2938.05it/s]mclmc Sampling:  90%|████████▉ | 8995/10000 [00:03<00:00, 2948.11it/s]mclmc Sampling:  93%|█████████▎| 9291/10000 [00:04<00:00, 2946.31it/s]mclmc Sampling:  96%|█████████▌| 9587/10000 [00:04<00:00, 2949.57it/s]mclmc Sampling:  99%|█████████▉| 9887/10000 [00:04<00:00, 2963.62it/s]mclmc Sampling: 100%|██████████| 10000/10000 [00:04<00:00, 2343.31it/s]
mclmc Sampling:   0%|          | 0/10000 [00:00<?, ?it/s]mclmc Sampling:   0%|          | 1/10000 [00:01<3:09:51,  1.14s/it]mclmc Sampling:   2%|▏         | 198/10000 [00:01<00:44, 220.20it/s]mclmc Sampling:   4%|▍         | 393/10000 [00:01<00:20, 457.57it/s]mclmc Sampling:   6%|▌         | 591/10000 [00:01<00:13, 705.87it/s]mclmc Sampling:   8%|▊         | 787/10000 [00:01<00:09, 943.12it/s]mclmc Sampling:  10%|▉         | 982/10000 [00:01<00:07, 1156.74it/s]mclmc Sampling:  12%|█▏        | 1206/10000 [00:01<00:06, 1408.74it/s]mclmc Sampling:  15%|█▍        | 1490/10000 [00:01<00:04, 1766.15it/s]mclmc Sampling:  18%|█▊        | 1791/10000 [00:01<00:03, 2090.96it/s]mclmc Sampling:  21%|██        | 2093/10000 [00:02<00:03, 2343.54it/s]mclmc Sampling:  24%|██▍       | 2387/10000 [00:02<00:03, 2510.13it/s]mclmc Sampling:  27%|██▋       | 2680/10000 [00:02<00:02, 2628.80it/s]mclmc Sampling:  30%|██▉       | 2969/10000 [00:02<00:02, 2703.17it/s]mclmc Sampling:  33%|███▎      | 3272/10000 [00:02<00:02, 2795.68it/s]mclmc Sampling:  36%|███▌      | 3577/10000 [00:02<00:02, 2870.58it/s]mclmc Sampling:  39%|███▉      | 3876/10000 [00:02<00:02, 2905.86it/s]mclmc Sampling:  42%|████▏     | 4175/10000 [00:02<00:01, 2930.55it/s]mclmc Sampling:  45%|████▍     | 4472/10000 [00:02<00:01, 2917.64it/s]mclmc Sampling:  48%|████▊     | 4776/10000 [00:02<00:01, 2952.68it/s]mclmc Sampling:  51%|█████     | 5073/10000 [00:03<00:01, 2946.91it/s]mclmc Sampling:  54%|█████▎    | 5372/10000 [00:03<00:01, 2959.69it/s]mclmc Sampling:  57%|█████▋    | 5674/10000 [00:03<00:01, 2977.44it/s]mclmc Sampling:  60%|█████▉    | 5973/10000 [00:03<00:01, 2960.23it/s]mclmc Sampling:  63%|██████▎   | 6272/10000 [00:03<00:01, 2967.35it/s]mclmc Sampling:  66%|██████▌   | 6571/10000 [00:03<00:01, 2968.43it/s]mclmc Sampling:  69%|██████▊   | 6869/10000 [00:03<00:01, 2862.64it/s]mclmc Sampling:  72%|███████▏  | 7157/10000 [00:03<00:01, 2791.50it/s]mclmc Sampling:  74%|███████▍  | 7442/10000 [00:03<00:00, 2806.89it/s]mclmc Sampling:  77%|███████▋  | 7742/10000 [00:03<00:00, 2863.13it/s]mclmc Sampling:  80%|████████  | 8029/10000 [00:04<00:00, 2856.82it/s]mclmc Sampling:  83%|████████▎ | 8331/10000 [00:04<00:00, 2897.45it/s]mclmc Sampling:  86%|████████▋ | 8630/10000 [00:04<00:00, 2924.62it/s]mclmc Sampling:  89%|████████▉ | 8923/10000 [00:04<00:00, 2907.33it/s]mclmc Sampling:  92%|█████████▏| 9221/10000 [00:04<00:00, 2922.70it/s]mclmc Sampling:  95%|█████████▌| 9516/10000 [00:04<00:00, 2930.45it/s]mclmc Sampling:  98%|█████████▊| 9810/10000 [00:04<00:00, 2913.98it/s]mclmc Sampling: 100%|██████████| 10000/10000 [00:04<00:00, 2107.66it/s]
mclmc Sampling:   0%|          | 0/10000 [00:00<?, ?it/s]mclmc Sampling:   0%|          | 1/10000 [00:00<2:11:34,  1.27it/s]mclmc Sampling:   2%|▏         | 234/10000 [00:00<00:27, 357.98it/s]mclmc Sampling:   5%|▌         | 541/10000 [00:00<00:11, 844.87it/s]mclmc Sampling:   9%|▊         | 851/10000 [00:01<00:07, 1304.13it/s]mclmc Sampling:  12%|█▏        | 1150/10000 [00:01<00:05, 1684.37it/s]mclmc Sampling:  14%|█▍        | 1440/10000 [00:01<00:04, 1980.63it/s]mclmc Sampling:  17%|█▋        | 1730/10000 [00:01<00:03, 2216.88it/s]mclmc Sampling:  20%|██        | 2011/10000 [00:01<00:03, 2372.80it/s]mclmc Sampling:  23%|██▎       | 2318/10000 [00:01<00:02, 2565.96it/s]mclmc Sampling:  26%|██▌       | 2622/10000 [00:01<00:02, 2698.19it/s]mclmc Sampling:  29%|██▉       | 2921/10000 [00:01<00:02, 2777.25it/s]mclmc Sampling:  32%|███▏      | 3216/10000 [00:01<00:02, 2824.54it/s]mclmc Sampling:  35%|███▌      | 3515/10000 [00:01<00:02, 2871.63it/s]mclmc Sampling:  38%|███▊      | 3819/10000 [00:02<00:02, 2919.92it/s]mclmc Sampling:  41%|████▏     | 4128/10000 [00:02<00:01, 2970.27it/s]mclmc Sampling:  44%|████▍     | 4436/10000 [00:02<00:01, 3002.01it/s]mclmc Sampling:  47%|████▋     | 4740/10000 [00:02<00:01, 3006.05it/s]mclmc Sampling:  50%|█████     | 5043/10000 [00:02<00:01, 2986.17it/s]mclmc Sampling:  54%|█████▎    | 5351/10000 [00:02<00:01, 3013.39it/s]mclmc Sampling:  57%|█████▋    | 5660/10000 [00:02<00:01, 3035.23it/s]mclmc Sampling:  60%|█████▉    | 5968/10000 [00:02<00:01, 3047.42it/s]mclmc Sampling:  63%|██████▎   | 6274/10000 [00:02<00:01, 3032.37it/s]mclmc Sampling:  66%|██████▌   | 6578/10000 [00:03<00:01, 3014.53it/s]mclmc Sampling:  69%|██████▉   | 6880/10000 [00:03<00:01, 3016.11it/s]mclmc Sampling:  72%|███████▏  | 7187/10000 [00:03<00:00, 3031.67it/s]mclmc Sampling:  75%|███████▍  | 7491/10000 [00:03<00:00, 2953.92it/s]mclmc Sampling:  78%|███████▊  | 7787/10000 [00:03<00:00, 2909.06it/s]mclmc Sampling:  81%|████████  | 8079/10000 [00:03<00:00, 2901.10it/s]mclmc Sampling:  84%|████████▍ | 8384/10000 [00:03<00:00, 2943.04it/s]mclmc Sampling:  87%|████████▋ | 8687/10000 [00:03<00:00, 2968.54it/s]mclmc Sampling:  90%|████████▉ | 8990/10000 [00:03<00:00, 2985.12it/s]mclmc Sampling:  93%|█████████▎| 9289/10000 [00:03<00:00, 2893.45it/s]mclmc Sampling:  96%|█████████▌| 9580/10000 [00:04<00:00, 2887.70it/s]mclmc Sampling:  99%|█████████▉| 9887/10000 [00:04<00:00, 2940.15it/s]mclmc Sampling: 100%|██████████| 10000/10000 [00:04<00:00, 2399.99it/s]
mclmc Sampling:   0%|          | 0/10000 [00:00<?, ?it/s]mclmc Sampling:   0%|          | 1/10000 [00:00<2:12:22,  1.26it/s]mclmc Sampling:   2%|▏         | 226/10000 [00:00<00:28, 343.99it/s]mclmc Sampling:   5%|▌         | 513/10000 [00:00<00:11, 795.28it/s]mclmc Sampling:   8%|▊         | 810/10000 [00:01<00:07, 1237.12it/s]mclmc Sampling:  11%|█         | 1108/10000 [00:01<00:05, 1628.76it/s]mclmc Sampling:  14%|█▍        | 1389/10000 [00:01<00:04, 1915.50it/s]mclmc Sampling:  17%|█▋        | 1658/10000 [00:01<00:03, 2114.39it/s]mclmc Sampling:  19%|█▉        | 1926/10000 [00:01<00:03, 2264.87it/s]mclmc Sampling:  22%|██▏       | 2223/10000 [00:01<00:03, 2459.70it/s]mclmc Sampling:  25%|██▌       | 2523/10000 [00:01<00:02, 2613.02it/s]mclmc Sampling:  28%|██▊       | 2814/10000 [00:01<00:02, 2697.48it/s]mclmc Sampling:  31%|███       | 3111/10000 [00:01<00:02, 2775.90it/s]mclmc Sampling:  34%|███▍      | 3401/10000 [00:01<00:02, 2796.94it/s]mclmc Sampling:  37%|███▋      | 3691/10000 [00:02<00:02, 2827.26it/s]mclmc Sampling:  40%|███▉      | 3986/10000 [00:02<00:02, 2862.28it/s]mclmc Sampling:  43%|████▎     | 4277/10000 [00:02<00:01, 2865.98it/s]mclmc Sampling:  46%|████▌     | 4573/10000 [00:02<00:01, 2893.41it/s]mclmc Sampling:  49%|████▊     | 4865/10000 [00:02<00:01, 2845.33it/s]mclmc Sampling:  52%|█████▏    | 5157/10000 [00:02<00:01, 2865.81it/s]mclmc Sampling:  55%|█████▍    | 5454/10000 [00:02<00:01, 2896.43it/s]mclmc Sampling:  57%|█████▋    | 5747/10000 [00:02<00:01, 2906.11it/s]mclmc Sampling:  60%|██████    | 6039/10000 [00:02<00:01, 2906.47it/s]mclmc Sampling:  63%|██████▎   | 6331/10000 [00:03<00:01, 2865.19it/s]mclmc Sampling:  66%|██████▌   | 6621/10000 [00:03<00:01, 2873.78it/s]mclmc Sampling:  69%|██████▉   | 6916/10000 [00:03<00:01, 2894.69it/s]mclmc Sampling:  72%|███████▏  | 7207/10000 [00:03<00:00, 2897.41it/s]mclmc Sampling:  75%|███████▍  | 7499/10000 [00:03<00:00, 2903.97it/s]mclmc Sampling:  78%|███████▊  | 7790/10000 [00:03<00:00, 2827.38it/s]mclmc Sampling:  81%|████████  | 8082/10000 [00:03<00:00, 2852.40it/s]mclmc Sampling:  84%|████████▍ | 8376/10000 [00:03<00:00, 2876.26it/s]mclmc Sampling:  87%|████████▋ | 8671/10000 [00:03<00:00, 2895.13it/s]mclmc Sampling:  90%|████████▉ | 8963/10000 [00:03<00:00, 2901.05it/s]mclmc Sampling:  93%|█████████▎| 9254/10000 [00:04<00:00, 2858.72it/s]mclmc Sampling:  95%|█████████▌| 9541/10000 [00:04<00:00, 2852.80it/s]mclmc Sampling:  98%|█████████▊| 9837/10000 [00:04<00:00, 2883.35it/s]mclmc Sampling: 100%|██████████| 10000/10000 [00:04<00:00, 2332.29it/s]
mclmc Sampling:   0%|          | 0/10000 [00:00<?, ?it/s]mclmc Sampling:   0%|          | 1/10000 [00:00<2:29:18,  1.12it/s]mclmc Sampling:   2%|▏         | 236/10000 [00:00<00:30, 324.06it/s]mclmc Sampling:   5%|▌         | 538/10000 [00:01<00:12, 766.64it/s]mclmc Sampling:   8%|▊         | 841/10000 [00:01<00:07, 1196.27it/s]mclmc Sampling:  11%|█▏        | 1148/10000 [00:01<00:05, 1595.53it/s]mclmc Sampling:  15%|█▍        | 1452/10000 [00:01<00:04, 1931.49it/s]mclmc Sampling:  18%|█▊        | 1757/10000 [00:01<00:03, 2210.60it/s]mclmc Sampling:  21%|██        | 2058/10000 [00:01<00:03, 2419.83it/s]mclmc Sampling:  24%|██▎       | 2361/10000 [00:01<00:02, 2584.98it/s]mclmc Sampling:  27%|██▋       | 2668/10000 [00:01<00:02, 2719.55it/s]mclmc Sampling:  30%|██▉       | 2971/10000 [00:01<00:02, 2807.00it/s]mclmc Sampling:  33%|███▎      | 3271/10000 [00:01<00:02, 2860.23it/s]mclmc Sampling:  36%|███▌      | 3571/10000 [00:02<00:02, 2897.24it/s]mclmc Sampling:  39%|███▊      | 3874/10000 [00:02<00:02, 2935.22it/s]mclmc Sampling:  42%|████▏     | 4181/10000 [00:02<00:01, 2967.47it/s]mclmc Sampling:  45%|████▍     | 4487/10000 [00:02<00:01, 2994.53it/s]mclmc Sampling:  48%|████▊     | 4791/10000 [00:02<00:01, 3006.75it/s]mclmc Sampling:  51%|█████     | 5095/10000 [00:02<00:01, 3003.16it/s]mclmc Sampling:  54%|█████▍    | 5401/10000 [00:02<00:01, 3017.02it/s]mclmc Sampling:  57%|█████▋    | 5709/10000 [00:02<00:01, 3034.08it/s]mclmc Sampling:  60%|██████    | 6014/10000 [00:02<00:01, 3033.01it/s]mclmc Sampling:  63%|██████▎   | 6318/10000 [00:03<00:01, 2994.74it/s]mclmc Sampling:  66%|██████▌   | 6621/10000 [00:03<00:01, 2997.30it/s]mclmc Sampling:  69%|██████▉   | 6926/10000 [00:03<00:01, 3012.49it/s]mclmc Sampling:  72%|███████▏  | 7231/10000 [00:03<00:00, 3020.49it/s]mclmc Sampling:  75%|███████▌  | 7538/10000 [00:03<00:00, 3033.45it/s]mclmc Sampling:  78%|███████▊  | 7842/10000 [00:03<00:00, 3030.69it/s]mclmc Sampling:  81%|████████▏ | 8148/10000 [00:03<00:00, 3038.95it/s]mclmc Sampling:  85%|████████▍ | 8452/10000 [00:03<00:00, 3036.11it/s]mclmc Sampling:  88%|████████▊ | 8759/10000 [00:03<00:00, 3046.05it/s]mclmc Sampling:  91%|█████████ | 9064/10000 [00:03<00:00, 3041.20it/s]mclmc Sampling:  94%|█████████▎| 9369/10000 [00:04<00:00, 3019.50it/s]mclmc Sampling:  97%|█████████▋| 9672/10000 [00:04<00:00, 3002.86it/s]mclmc Sampling: 100%|█████████▉| 9979/10000 [00:04<00:00, 3021.01it/s]mclmc Sampling: 100%|██████████| 10000/10000 [00:04<00:00, 2368.51it/s]
mclmc Sampling:   0%|          | 0/10000 [00:00<?, ?it/s]mclmc Sampling:   0%|          | 1/10000 [00:00<2:13:40,  1.25it/s]mclmc Sampling:   2%|▏         | 241/10000 [00:00<00:26, 363.58it/s]mclmc Sampling:   5%|▌         | 529/10000 [00:01<00:11, 809.94it/s]mclmc Sampling:   8%|▊         | 831/10000 [00:01<00:07, 1254.88it/s]mclmc Sampling:  11%|█▏        | 1138/10000 [00:01<00:05, 1661.13it/s]mclmc Sampling:  14%|█▍        | 1441/10000 [00:01<00:04, 1990.59it/s]mclmc Sampling:  17%|█▋        | 1744/10000 [00:01<00:03, 2256.51it/s]mclmc Sampling:  20%|██        | 2031/10000 [00:01<00:03, 2417.68it/s]mclmc Sampling:  23%|██▎       | 2323/10000 [00:01<00:03, 2556.14it/s]mclmc Sampling:  26%|██▋       | 2631/10000 [00:01<00:02, 2698.69it/s]mclmc Sampling:  29%|██▉       | 2934/10000 [00:01<00:02, 2792.76it/s]mclmc Sampling:  32%|███▏      | 3231/10000 [00:01<00:02, 2842.16it/s]mclmc Sampling:  35%|███▌      | 3528/10000 [00:02<00:02, 2829.09it/s]mclmc Sampling:  38%|███▊      | 3820/10000 [00:02<00:02, 2839.72it/s]mclmc Sampling:  41%|████      | 4113/10000 [00:02<00:02, 2864.42it/s]mclmc Sampling:  44%|████▍     | 4420/10000 [00:02<00:01, 2924.57it/s]mclmc Sampling:  47%|████▋     | 4716/10000 [00:02<00:01, 2917.25it/s]mclmc Sampling:  50%|█████     | 5010/10000 [00:02<00:01, 2873.01it/s]mclmc Sampling:  53%|█████▎    | 5311/10000 [00:02<00:01, 2907.09it/s]mclmc Sampling:  56%|█████▌    | 5603/10000 [00:02<00:01, 2880.07it/s]mclmc Sampling:  59%|█████▉    | 5892/10000 [00:02<00:01, 2818.65it/s]mclmc Sampling:  62%|██████▏   | 6175/10000 [00:02<00:01, 2802.30it/s]mclmc Sampling:  65%|██████▍   | 6456/10000 [00:03<00:01, 2783.05it/s]mclmc Sampling:  68%|██████▊   | 6752/10000 [00:03<00:01, 2833.60it/s]mclmc Sampling:  70%|███████   | 7041/10000 [00:03<00:01, 2843.14it/s]mclmc Sampling:  73%|███████▎  | 7349/10000 [00:03<00:00, 2911.53it/s]mclmc Sampling:  76%|███████▋  | 7641/10000 [00:03<00:00, 2852.72it/s]mclmc Sampling:  79%|███████▉  | 7927/10000 [00:03<00:00, 2796.90it/s]mclmc Sampling:  82%|████████▏ | 8221/10000 [00:03<00:00, 2836.18it/s]mclmc Sampling:  85%|████████▌ | 8506/10000 [00:03<00:00, 2838.01it/s]mclmc Sampling:  88%|████████▊ | 8791/10000 [00:03<00:00, 2832.34it/s]mclmc Sampling:  91%|█████████ | 9075/10000 [00:03<00:00, 2828.15it/s]mclmc Sampling:  94%|█████████▎| 9358/10000 [00:04<00:00, 2762.12it/s]mclmc Sampling:  96%|█████████▋| 9641/10000 [00:04<00:00, 2777.01it/s]mclmc Sampling:  99%|█████████▉| 9921/10000 [00:04<00:00, 2782.84it/s]mclmc Sampling: 100%|██████████| 10000/10000 [00:04<00:00, 2329.37it/s]
multiprocessing.pool.RemoteTraceback: 
"""
Traceback (most recent call last):
  File "/root/miniconda3/lib/python3.10/multiprocessing/pool.py", line 125, in worker
    result = (True, func(*args, **kwds))
  File "/root/miniconda3/lib/python3.10/multiprocessing/pool.py", line 51, in starmapstar
    return list(itertools.starmap(args[0], args[1]))
  File "/root/autodl-tmp/MILE/train.py", line 19, in train_bde
    trainer.train_bde()
  File "/root/autodl-tmp/MILE/src/training/trainer.py", line 178, in train_bde
    self.complete_samples()
  File "/root/autodl-tmp/MILE/src/training/trainer.py", line 642, in complete_samples
    dic_sample = dict(sample)
  File "/root/autodl-tmp/MILE/venv/lib/python3.10/site-packages/numpy/lib/npyio.py", line 252, in __getitem__
    magic = bytes.read(len(format.MAGIC_PREFIX))
  File "/root/miniconda3/lib/python3.10/zipfile.py", line 925, in read
    data = self._read1(n)
  File "/root/miniconda3/lib/python3.10/zipfile.py", line 1015, in _read1
    self._update_crc(data)
  File "/root/miniconda3/lib/python3.10/zipfile.py", line 943, in _update_crc
    raise BadZipFile("Bad CRC-32 for file %r" % self.name)
zipfile.BadZipFile: Bad CRC-32 for file 'fcn.layer0.bias.npy'
"""

The above exception was the direct cause of the following exception:

Traceback (most recent call last):
  File "/root/autodl-tmp/MILE/train.py", line 121, in <module>
    _ = p.starmap(train_bde, [(cfg, 1) for cfg in configs])
  File "/root/miniconda3/lib/python3.10/multiprocessing/pool.py", line 375, in starmap
    return self._map_async(func, iterable, starmapstar, chunksize).get()
  File "/root/miniconda3/lib/python3.10/multiprocessing/pool.py", line 774, in get
    raise self._value
zipfile.BadZipFile: Bad CRC-32 for file 'fcn.layer0.bias.npy'
2025-03-08 14:52:58,412 - __main__ - INFO - Loaded 1 Experiment(s)
Disabling stream logging in outer parallel mode, logs will only appear in log files.
2025-03-08 14:52:59,442 - datasets - INFO - PyTorch version 2.2.2+cpu available.
2025-03-08 14:52:59,443 - datasets - INFO - JAX version 0.4.28 available.
multiprocessing.pool.RemoteTraceback: 
"""
Traceback (most recent call last):
  File "/root/miniconda3/lib/python3.10/multiprocessing/pool.py", line 125, in worker
    result = (True, func(*args, **kwds))
  File "/root/miniconda3/lib/python3.10/multiprocessing/pool.py", line 51, in starmapstar
    return list(itertools.starmap(args[0], args[1]))
  File "/root/autodl-tmp/MILE/train.py", line 13, in train_bde
    from src.training.trainer import BDETrainer  # noqa
  File "/root/autodl-tmp/MILE/src/training/trainer.py", line 33, in <module>
    from src.training.sampling import inference_loop, partition_inference_loop
ImportError: cannot import name 'partition_inference_loop' from 'src.training.sampling' (/root/autodl-tmp/MILE/src/training/sampling.py)
"""

The above exception was the direct cause of the following exception:

Traceback (most recent call last):
  File "/root/autodl-tmp/MILE/train.py", line 121, in <module>
    _ = p.starmap(train_bde, [(cfg, 1) for cfg in configs])
  File "/root/miniconda3/lib/python3.10/multiprocessing/pool.py", line 375, in starmap
    return self._map_async(func, iterable, starmapstar, chunksize).get()
  File "/root/miniconda3/lib/python3.10/multiprocessing/pool.py", line 774, in get
    raise self._value
ImportError: cannot import name 'partition_inference_loop' from 'src.training.sampling' (/root/autodl-tmp/MILE/src/training/sampling.py)
2025-03-08 14:53:07,565 - __main__ - INFO - Loaded 1 Experiment(s)
Disabling stream logging in outer parallel mode, logs will only appear in log files.
2025-03-08 14:53:08,455 - datasets - INFO - PyTorch version 2.2.2+cpu available.
2025-03-08 14:53:08,456 - datasets - INFO - JAX version 0.4.28 available.
multiprocessing.pool.RemoteTraceback: 
"""
Traceback (most recent call last):
  File "/root/miniconda3/lib/python3.10/multiprocessing/pool.py", line 125, in worker
    result = (True, func(*args, **kwds))
  File "/root/miniconda3/lib/python3.10/multiprocessing/pool.py", line 51, in starmapstar
    return list(itertools.starmap(args[0], args[1]))
  File "/root/autodl-tmp/MILE/train.py", line 13, in train_bde
    from src.training.trainer import BDETrainer  # noqa
  File "/root/autodl-tmp/MILE/src/training/trainer.py", line 33, in <module>
    from src.training.sampling import inference_loop, partition_inference_loop
ImportError: cannot import name 'partition_inference_loop' from 'src.training.sampling' (/root/autodl-tmp/MILE/src/training/sampling.py)
"""

The above exception was the direct cause of the following exception:

Traceback (most recent call last):
  File "/root/autodl-tmp/MILE/train.py", line 121, in <module>
    _ = p.starmap(train_bde, [(cfg, 1) for cfg in configs])
  File "/root/miniconda3/lib/python3.10/multiprocessing/pool.py", line 375, in starmap
    return self._map_async(func, iterable, starmapstar, chunksize).get()
  File "/root/miniconda3/lib/python3.10/multiprocessing/pool.py", line 774, in get
    raise self._value
ImportError: cannot import name 'partition_inference_loop' from 'src.training.sampling' (/root/autodl-tmp/MILE/src/training/sampling.py)
2025-03-08 14:54:00,090 - __main__ - INFO - Loaded 1 Experiment(s)
Disabling stream logging in outer parallel mode, logs will only appear in log files.
2025-03-08 14:54:00,884 - datasets - INFO - PyTorch version 2.2.2+cpu available.
2025-03-08 14:54:00,885 - datasets - INFO - JAX version 0.4.28 available.
2025-03-08 14:54:01,255 - __main__ - INFO - > Running experiment: partition_MCLMC
2025-03-08 14:54:01,265 - jax._src.xla_bridge - INFO - Unable to initialize backend 'cuda': 
2025-03-08 14:54:01,266 - jax._src.xla_bridge - INFO - Unable to initialize backend 'rocm': module 'jaxlib.xla_extension' has no attribute 'GpuAllocatorConfig'
2025-03-08 14:54:01,266 - jax._src.xla_bridge - INFO - Unable to initialize backend 'tpu': INTERNAL: Failed to open libtpu.so: libtpu.so: cannot open shared object file: No such file or directory
2025-03-08 14:54:01,338 - src.training.trainer - INFO - > Setting up directories...
2025-03-08 14:54:03,330 - __main__ - INFO - Loaded 1 Experiment(s)
Disabling stream logging in outer parallel mode, logs will only appear in log files.
2025-03-08 14:54:04,167 - datasets - INFO - PyTorch version 2.2.2+cpu available.
2025-03-08 14:54:04,168 - datasets - INFO - JAX version 0.4.28 available.
2025-03-08 14:54:04,582 - __main__ - INFO - > Running experiment: partition_MCLMC
2025-03-08 14:54:04,595 - jax._src.xla_bridge - INFO - Unable to initialize backend 'cuda': 
2025-03-08 14:54:04,595 - jax._src.xla_bridge - INFO - Unable to initialize backend 'rocm': module 'jaxlib.xla_extension' has no attribute 'GpuAllocatorConfig'
2025-03-08 14:54:04,596 - jax._src.xla_bridge - INFO - Unable to initialize backend 'tpu': INTERNAL: Failed to open libtpu.so: libtpu.so: cannot open shared object file: No such file or directory
2025-03-08 14:54:04,670 - src.training.trainer - INFO - > Setting up directories...
multiprocessing.pool.RemoteTraceback: 
"""
jax.errors.SimplifiedTraceback: For simplicity, JAX has removed its internal frames from the traceback of the following exception. Set JAX_TRACEBACK_FILTERING=off to include these.

The above exception was the direct cause of the following exception:

Traceback (most recent call last):
  File "/root/miniconda3/lib/python3.10/multiprocessing/pool.py", line 125, in worker
    result = (True, func(*args, **kwds))
  File "/root/miniconda3/lib/python3.10/multiprocessing/pool.py", line 51, in starmapstar
    return list(itertools.starmap(args[0], args[1]))
  File "/root/autodl-tmp/MILE/train.py", line 19, in train_bde
    trainer.train_bde()
  File "/root/autodl-tmp/MILE/src/training/trainer.py", line 171, in train_bde
    self.start_sampling()
  File "/root/miniconda3/lib/python3.10/contextlib.py", line 79, in inner
    return func(*args, **kwds)
  File "/root/autodl-tmp/MILE/src/training/trainer.py", line 606, in start_sampling
    inference_loop(
  File "/root/autodl-tmp/MILE/src/training/sampling.py", line 83, in inference_loop
    warmup_state, parameters = warmup_mclmc(
  File "/root/autodl-tmp/MILE/src/training/sampling.py", line 287, in warmup_mclmc
    warmup_state, parameters = runner(
  File "/root/autodl-tmp/MILE/src/training/warmup.py", line 539, in run
    initial_state = blackjax.mcmc.mclmc.init(
  File "/root/autodl-tmp/MILE/venv/lib/python3.10/site-packages/blackjax/mcmc/mclmc.py", line 53, in init
    l, g = jax.value_and_grad(logdensity_fn)(position)
TypeError: log_unnormalized_posterior_partition() missing 1 required positional argument: 'hidden_layers'
"""

The above exception was the direct cause of the following exception:

Traceback (most recent call last):
  File "/root/autodl-tmp/MILE/train.py", line 121, in <module>
    _ = p.starmap(train_bde, [(cfg, 1) for cfg in configs])
  File "/root/miniconda3/lib/python3.10/multiprocessing/pool.py", line 375, in starmap
    return self._map_async(func, iterable, starmapstar, chunksize).get()
  File "/root/miniconda3/lib/python3.10/multiprocessing/pool.py", line 774, in get
    raise self._value
TypeError: log_unnormalized_posterior_partition() missing 1 required positional argument: 'hidden_layers'
multiprocessing.pool.RemoteTraceback: 
"""
jax.errors.SimplifiedTraceback: For simplicity, JAX has removed its internal frames from the traceback of the following exception. Set JAX_TRACEBACK_FILTERING=off to include these.

The above exception was the direct cause of the following exception:

Traceback (most recent call last):
  File "/root/miniconda3/lib/python3.10/multiprocessing/pool.py", line 125, in worker
    result = (True, func(*args, **kwds))
  File "/root/miniconda3/lib/python3.10/multiprocessing/pool.py", line 51, in starmapstar
    return list(itertools.starmap(args[0], args[1]))
  File "/root/autodl-tmp/MILE/train.py", line 19, in train_bde
    trainer.train_bde()
  File "/root/autodl-tmp/MILE/src/training/trainer.py", line 171, in train_bde
    self.start_sampling()
  File "/root/miniconda3/lib/python3.10/contextlib.py", line 79, in inner
    return func(*args, **kwds)
  File "/root/autodl-tmp/MILE/src/training/trainer.py", line 606, in start_sampling
    inference_loop(
  File "/root/autodl-tmp/MILE/src/training/sampling.py", line 83, in inference_loop
    warmup_state, parameters = warmup_mclmc(
  File "/root/autodl-tmp/MILE/src/training/sampling.py", line 287, in warmup_mclmc
    warmup_state, parameters = runner(
  File "/root/autodl-tmp/MILE/src/training/warmup.py", line 539, in run
    initial_state = blackjax.mcmc.mclmc.init(
  File "/root/autodl-tmp/MILE/venv/lib/python3.10/site-packages/blackjax/mcmc/mclmc.py", line 53, in init
    l, g = jax.value_and_grad(logdensity_fn)(position)
TypeError: log_unnormalized_posterior_partition() missing 1 required positional argument: 'hidden_layers'
"""

The above exception was the direct cause of the following exception:

Traceback (most recent call last):
  File "/root/autodl-tmp/MILE/train.py", line 121, in <module>
    _ = p.starmap(train_bde, [(cfg, 1) for cfg in configs])
  File "/root/miniconda3/lib/python3.10/multiprocessing/pool.py", line 375, in starmap
    return self._map_async(func, iterable, starmapstar, chunksize).get()
  File "/root/miniconda3/lib/python3.10/multiprocessing/pool.py", line 774, in get
    raise self._value
TypeError: log_unnormalized_posterior_partition() missing 1 required positional argument: 'hidden_layers'
